enum Animal{
case Dawg;
case Cat;
case Bird
}
var a: Animal = Animal.Dawg;